Microchip MPLAB XC8 Compiler V2.05 ()

Linker command line:

-W-3 --edf=C:\Program Files (x86)\Microchip\xc8\v2.05\pic\dat\en_msgs.txt \
  -cs -h+dist/second_default/production\7SegmentLed.production.sym \
  --cmf=dist/second_default/production\7SegmentLed.production.cmf -z \
  -Q18F2550 -oC:\Users\dorin\AppData\Local\Temp\s6s8.2 \
  --defsym=__MPLAB_BUILD=1 \
  -Mdist/second_default/production/7SegmentLed.production.map -E1 -ver=XC8 \
  --acfsm=1493 -ASTACK=0BDh-07FFh -pstack=STACK -ACODE=00h-07FFFh \
  -ACONST=00h-07FFFh -ASMALLCONST=0800h-08FFhx120 \
  -AMEDIUMCONST=0800h-07FFFh -ACOMRAM=01h-05Fh -AABS1=00h-07FFh \
  -ABIGRAM=01h-07FFh -ARAM=060h-0FFh,0100h-01FFhx7 -ABANK0=060h-0FFh \
  -ABANK1=0100h-01FFh -ABANK2=0200h-02FFh -ABANK3=0300h-03FFh \
  -ABANK4=0400h-04FFh -ABANK5=0500h-05FFh -ABANK6=0600h-06FFh \
  -ABANK7=0700h-07FFh -ASFR=0F60h-0FFFh \
  -preset_vec=00h,intcode=08h,intcodelo,powerup,init -pramtop=0800h \
  -psmallconst=SMALLCONST -pmediumconst=MEDIUMCONST -pconst=CONST \
  -AFARRAM=00h-00h -ACONFIG=0300000h-030000Dh -pconfig=CONFIG \
  -AIDLOC=0200000h-0200007h -pidloc=IDLOC -AEEDATA=0F00000h-0F000FFh \
  -peeprom_data=EEDATA \
  -prdata=COMRAM,nvrram=COMRAM,nvbit=COMRAM,rbss=COMRAM,rbit=COMRAM \
  -pfarbss=FARRAM,fardata=FARRAM,nvFARRAM=FARRAM \
  -pintsave_regs=BIGRAM,bigbss=BIGRAM,bigdata=BIGRAM -pbss=RAM \
  -pidata=CODE,irdata=CODE,ibigdata=CODE,ifardata=CODE -prparam=COMRAM \
  C:\Users\dorin\AppData\Local\Temp\s6s8.o \
  dist/second_default/production\7SegmentLed.production.o 

Object code version is 3.11

Machine type is 18F2550

Call graph: (short form)




                Name                               Link     Load   Length Selector   Space Scale
C:\Users\dorin\AppData\Local\Temp\s6s8.o
                init                                  E        E        4        4       0
                reset_vec                             0        0        4        0       0
                idloc                            200000   200000        8   200000       0
                config                           300000   300000        E   300000       0
dist/second_default/production\7SegmentLed.production.o
                intcode                               8        8        6        4       0
                temp                                 5F       5F        1        1       1
                smallconst                          800      800       52      400       0
                intcode_body                       25F4     25F4       36      429       0
                text35                             1EC6     1EC6       E8      429       0
                text34                             253C     253C       40      429       0
                text33                             2776     2776       22      429       0
                text32                             2284     2284       9C      429       0
                text31                             2750     2750       26      429       0
                text30                             2720     2720       30      429       0
                text29                             257C     257C       3E      429       0
                text28                             1B58     1B58      13C      429       0
                text27                             2804     2804        2      429       0
                text26                             23A2     23A2       80      429       0
                text25                             26F0     26F0       30      429       0
                text24                             2320     2320       82      429       0
                text23                             24B2     24B2       46      429       0
                text22                             1A10     1A10      148      429       0
                text21                             1C94     1C94      124      429       0
                text20                             265E     265E       32      429       0
                text19                             12B0     12B0      234      429       0
                text18                             18A0     18A0      170      429       0
                text17                             1DB8     1DB8      10E      429       0
                text16                             21E6     21E6       9E      429       0
                text15                             1FAE     1FAE       CE      429       0
                text14                             2138     2138       AE      429       0
                text13                             16FE     16FE      1A2      429       0
                text12                             262A     262A       34      429       0
                text11                             26C0     26C0       30      429       0
                text10                             2690     2690       30      429       0
                text9                              2422     2422       4A      429       0
                text8                              14E4     14E4      21A      429       0
                text7                               852      852      A5E      429       0
                text6                              24F8     24F8       44      429       0
                text5                              207C     207C       BC      429       0
                text4                              2798     2798       1E      429       0
                text3                              246C     246C       46      429       0
                text2                              27D0     27D0       16      429       0
                text1                              27E6     27E6       14      429       0
                text0                              27B6     27B6       1A      429       0
                cstackCOMRAM                          1        1       5E        1       1
                cstackBANK0                          8E       8E       25       60       1
                dataBANK0                            B3       B3        A       60       1
                bssBANK0                             60       60       2E       60       1
                cinit                              25BA     25BA       3A      429       0
                idataBANK0                         27FA     27FA        A      429       0

TOTAL           Name                               Link     Load   Length     Space
        CLASS   STACK          

        CLASS   CODE           
                intcode                               8        8        6         0
                init                                  E        E        4         0
                reset_vec                             0        0        4         0
                intcode_body                       25F4     25F4       36         0
                text35                             1EC6     1EC6       E8         0
                text34                             253C     253C       40         0
                text33                             2776     2776       22         0
                text32                             2284     2284       9C         0
                text31                             2750     2750       26         0
                text30                             2720     2720       30         0
                text29                             257C     257C       3E         0
                text28                             1B58     1B58      13C         0
                text27                             2804     2804        2         0
                text26                             23A2     23A2       80         0
                text25                             26F0     26F0       30         0
                text24                             2320     2320       82         0
                text23                             24B2     24B2       46         0
                text22                             1A10     1A10      148         0
                text21                             1C94     1C94      124         0
                text20                             265E     265E       32         0
                text19                             12B0     12B0      234         0
                text18                             18A0     18A0      170         0
                text17                             1DB8     1DB8      10E         0
                text16                             21E6     21E6       9E         0
                text15                             1FAE     1FAE       CE         0
                text14                             2138     2138       AE         0
                text13                             16FE     16FE      1A2         0
                text12                             262A     262A       34         0
                text11                             26C0     26C0       30         0
                text10                             2690     2690       30         0
                text9                              2422     2422       4A         0
                text8                              14E4     14E4      21A         0
                text7                               852      852      A5E         0
                text6                              24F8     24F8       44         0
                text5                              207C     207C       BC         0
                text4                              2798     2798       1E         0
                text3                              246C     246C       46         0
                text2                              27D0     27D0       16         0
                text1                              27E6     27E6       14         0
                text0                              27B6     27B6       1A         0
                cinit                              25BA     25BA       3A         0
                idataBANK0                         27FA     27FA        A         0

        CLASS   CONST          

        CLASS   SMALLCONST     
                smallconst                          800      800       52         0

        CLASS   MEDIUMCONST    

        CLASS   COMRAM         
                temp                                 5F       5F        1         1
                cstackCOMRAM                          1        1       5E         1

        CLASS   ABS1           

        CLASS   BIGRAM         

        CLASS   RAM            

        CLASS   BANK0          
                cstackBANK0                          8E       8E       25         1
                dataBANK0                            B3       B3        A         1
                bssBANK0                             60       60       2E         1

        CLASS   BANK1          

        CLASS   BANK2          

        CLASS   BANK3          

        CLASS   BANK4          

        CLASS   BANK5          

        CLASS   BANK6          

        CLASS   BANK7          

        CLASS   SFR            

        CLASS   FARRAM         

        CLASS   CONFIG         
                config                           300000   300000        E         0

        CLASS   IDLOC          
                idloc                            200000   200000        8         0

        CLASS   EEDATA         



SEGMENTS        Name                           Load    Length   Top    Selector   Space  Class

                reset_vec                      000000  000004  000004         0       0  CODE    
                cstackCOMRAM                   000001  00005F  000060         1       1  COMRAM  
                intcode                        000008  00000A  000012         4       0  CODE    
                bssBANK0                       000060  00005D  0000BD        60       1  BANK0   
                smallconst                     000800  000052  000852       400       0  SMALLCON
                text7                          000852  001FB4  002806       429       0  CODE    
                idloc                          200000  000008  200008    200000       0  IDLOC   
                config                         300000  00000E  30000E    300000       0  CONFIG  


UNUSED ADDRESS RANGES

        Name                Unused          Largest block    Delta
        BANK0            0000BD-0000FF               43
        BANK1            000100-0001FF              100
        BANK2            000200-0002FF              100
        BANK3            000300-0003FF              100
        BANK4            000400-0004FF              100
        BANK5            000500-0005FF              100
        BANK6            000600-0006FF              100
        BANK7            000700-0007FF              100
        BIGRAM           0000BD-0007FF              743
        CODE             000004-000007                4
                         000012-0007FF              7EE
                         002806-007FFF             57FA
        CONST            000004-000007                4
                         000012-0007FF              7EE
                         002806-007FFF             57FA
        EEDATA           F00000-F000FF              100
        MEDIUMCONST      002806-007FFF             57FA
        RAM              0000BD-0007FF              100
        SFR              000F60-000FFF               A0
        SMALLCONST       002806-007FFF              100
        STACK            0000BD-0007FF              743

                                  Symbol Table

?___aodiv                   cstackCOMRAM 000001
?___aomod                   cstackCOMRAM 000001
?___lodiv                   cstackCOMRAM 000001
?___lomod                   cstackCOMRAM 000001
?___wmul                    cstackCOMRAM 000001
?_abs                       cstackCOMRAM 000013
?_atoi                      cstackCOMRAM 000008
?_ctoa                      cstackCOMRAM 000017
?_dtoa                      cstackCOMRAM 00001B
?_isalpha                   cstackCOMRAM 000001
?_isdigit                   cstackCOMRAM 000001
?_islower                   cstackCOMRAM 000001
?_isspace                   cstackCOMRAM 000001
?_isupper                   cstackCOMRAM 000001
?_otoa                      cstackCOMRAM 000017
?_pad                       cstackCOMRAM 00000E
?_snprintf                  cstackBANK0  0000A3
?_stoa                      cstackCOMRAM 000009
?_strlen                    cstackCOMRAM 000001
?_strncmp                   cstackCOMRAM 000001
?_toupper                   cstackCOMRAM 000007
?_utoa                      cstackCOMRAM 00001A
?_vfpfcnvrt                 cstackCOMRAM 00003E
?_vfprintf                  cstackBANK0  00008E
?_vsnprintf                 cstackBANK0  000091
?_xtoa                      cstackCOMRAM 000017
_ADCON1                     (abs)        000FC1
_BIT_0                      smallconst   000813
_BIT_1                      smallconst   000812
_BIT_3                      smallconst   000810
_BIT_4                      smallconst   00080F
_BIT_6                      smallconst   00080D
_BIT_7                      smallconst   00080C
_CMCON                      (abs)        000FB4
_INTCON                     (abs)        000FF2
_INTCONbits                 (abs)        000FF2
_LATB                       (abs)        000F8A
_NR                         dataBANK0    0000BA
_OSCCON                     (abs)        000FD3
_PORTB                      (abs)        000F81
_RCONbits                   (abs)        000FD0
_T0CON                      (abs)        000FD5
_TMR0H                      (abs)        000FD7
_TMR0L                      (abs)        000FD6
_TRISB                      (abs)        000F93
__CFG_BOR$ON                (abs)        000000
__CFG_BORV$3                (abs)        000000
__CFG_CCP2MX$ON             (abs)        000000
__CFG_CP0$OFF               (abs)        000000
__CFG_CP1$OFF               (abs)        000000
__CFG_CP2$OFF               (abs)        000000
__CFG_CP3$OFF               (abs)        000000
__CFG_CPB$OFF               (abs)        000000
__CFG_CPD$OFF               (abs)        000000
__CFG_CPUDIV$OSC1_PLL2      (abs)        000000
__CFG_EBTR0$OFF             (abs)        000000
__CFG_EBTR1$OFF             (abs)        000000
__CFG_EBTR2$OFF             (abs)        000000
__CFG_EBTR3$OFF             (abs)        000000
__CFG_EBTRB$OFF             (abs)        000000
__CFG_FCMEN$OFF             (abs)        000000
__CFG_FOSC$INTOSC_EC        (abs)        000000
__CFG_IESO$OFF              (abs)        000000
__CFG_LPT1OSC$OFF           (abs)        000000
__CFG_LVP$OFF               (abs)        000000
__CFG_MCLRE$OFF             (abs)        000000
__CFG_PBADEN$OFF            (abs)        000000
__CFG_PLLDIV$1              (abs)        000000
__CFG_PWRT$OFF              (abs)        000000
__CFG_STVREN$ON             (abs)        000000
__CFG_USBDIV$1              (abs)        000000
__CFG_VREGEN$OFF            (abs)        000000
__CFG_WDT$OFF               (abs)        000000
__CFG_WDTPS$32768           (abs)        000000
__CFG_WRT0$OFF              (abs)        000000
__CFG_WRT1$OFF              (abs)        000000
__CFG_WRT2$OFF              (abs)        000000
__CFG_WRT3$OFF              (abs)        000000
__CFG_WRTB$OFF              (abs)        000000
__CFG_WRTC$OFF              (abs)        000000
__CFG_WRTD$OFF              (abs)        000000
__CFG_XINST$OFF             (abs)        000000
__HRAM                      (abs)        000000
__Habs1                     abs1         000000
__Hbank0                    bank0        000000
__Hbank1                    bank1        000000
__Hbank2                    bank2        000000
__Hbank3                    bank3        000000
__Hbank4                    bank4        000000
__Hbank5                    bank5        000000
__Hbank6                    bank6        000000
__Hbank7                    bank7        000000
__Hbigbss                   bigbss       000000
__Hbigdata                  bigdata      000000
__Hbigram                   bigram       000000
__Hbss                      bss          000000
__HbssBANK0                 bssBANK0     000000
__Hcinit                    cinit        000000
__Hclrtext                  clrtext      000000
__Hcomram                   comram       000000
__Hconfig                   config       30000E
__Hconst                    const        000000
__HcstackBANK0              cstackBANK0  000000
__HcstackCOMRAM             cstackCOMRAM 000000
__Hdata                     data         000000
__HdataBANK0                dataBANK0    000000
__Heeprom_data              eeprom_data  000000
__Hfarbss                   farbss       000000
__Hfardata                  fardata      000000
__Hibigdata                 ibigdata     000000
__Hidata                    idata        000000
__HidataBANK0               idataBANK0   000000
__Hidloc                    idloc        200008
__Hifardata                 ifardata     000000
__Hinit                     init         000012
__Hintcode                  intcode      00000E
__Hintcode_body             intcode_body 000000
__Hintcodelo                intcodelo    00000E
__Hintentry                 intentry     000000
__Hintret                   intret       000000
__Hintsave_regs             intsave_regs 000000
__Hirdata                   irdata       000000
__Hmediumconst              mediumconst  000000
__HnvFARRAM                 nvFARRAM     000000
__Hnvbit                    nvbit        000000
__Hnvrram                   nvrram       000000
__Hparam                    rparam       000000
__Hpowerup                  powerup      00000E
__Hram                      ram          000000
__Hramtop                   ramtop       000800
__Hrbit                     rbit         000000
__Hrbss                     rbss         000000
__Hrdata                    rdata        000000
__Hreset_vec                reset_vec    000004
__Hrparam                   rparam       000000
__Hsfr                      sfr          000000
__Hsmallconst               smallconst   000852
__Hspace_0                  (abs)        30000E
__Hspace_1                  (abs)        0000BD
__Hspace_2                  (abs)        000000
__Hstack                    stack        000000
__Hstruct                   struct       000000
__Htemp                     temp         000060
__Htext                     text         000000
__Htext0                    text0        000000
__Htext1                    text1        000000
__Htext10                   text10       000000
__Htext11                   text11       000000
__Htext12                   text12       000000
__Htext13                   text13       000000
__Htext14                   text14       000000
__Htext15                   text15       000000
__Htext16                   text16       000000
__Htext17                   text17       000000
__Htext18                   text18       000000
__Htext19                   text19       000000
__Htext2                    text2        000000
__Htext20                   text20       000000
__Htext21                   text21       000000
__Htext22                   text22       000000
__Htext23                   text23       000000
__Htext24                   text24       000000
__Htext25                   text25       000000
__Htext26                   text26       000000
__Htext27                   text27       000000
__Htext28                   text28       000000
__Htext29                   text29       000000
__Htext3                    text3        000000
__Htext30                   text30       000000
__Htext31                   text31       000000
__Htext32                   text32       000000
__Htext33                   text33       000000
__Htext34                   text34       000000
__Htext35                   text35       000000
__Htext4                    text4        000000
__Htext5                    text5        000000
__Htext6                    text6        000000
__Htext7                    text7        000000
__Htext8                    text8        000000
__Htext9                    text9        000000
__LRAM                      (abs)        000001
__Labs1                     abs1         000000
__Lbank0                    bank0        000000
__Lbank1                    bank1        000000
__Lbank2                    bank2        000000
__Lbank3                    bank3        000000
__Lbank4                    bank4        000000
__Lbank5                    bank5        000000
__Lbank6                    bank6        000000
__Lbank7                    bank7        000000
__Lbigbss                   bigbss       000000
__Lbigdata                  bigdata      000000
__Lbigram                   bigram       000000
__Lbss                      bss          000000
__LbssBANK0                 bssBANK0     000000
__Lcinit                    cinit        000000
__Lclrtext                  clrtext      000000
__Lcomram                   comram       000000
__Lconfig                   config       300000
__Lconst                    const        000000
__LcstackBANK0              cstackBANK0  000000
__LcstackCOMRAM             cstackCOMRAM 000000
__Ldata                     data         000000
__LdataBANK0                dataBANK0    000000
__Leeprom_data              eeprom_data  000000
__Lfarbss                   farbss       000000
__Lfardata                  fardata      000000
__Libigdata                 ibigdata     000000
__Lidata                    idata        000000
__LidataBANK0               idataBANK0   000000
__Lidloc                    idloc        200000
__Lifardata                 ifardata     000000
__Linit                     init         00000E
__Lintcode                  intcode      000008
__Lintcode_body             intcode_body 000000
__Lintcodelo                intcodelo    00000E
__Lintentry                 intentry     000000
__Lintret                   intret       000000
__Lintsave_regs             intsave_regs 000000
__Lirdata                   irdata       000000
__Lmediumconst              mediumconst  000000
__LnvFARRAM                 nvFARRAM     000000
__Lnvbit                    nvbit        000000
__Lnvrram                   nvrram       000000
__Lparam                    rparam       000000
__Lpowerup                  powerup      00000E
__Lram                      ram          000000
__Lramtop                   ramtop       000800
__Lrbit                     rbit         000000
__Lrbss                     rbss         000000
__Lrdata                    rdata        000000
__Lreset_vec                reset_vec    000000
__Lrparam                   rparam       000000
__Lsfr                      sfr          000000
__Lsmallconst               smallconst   000800
__Lspace_0                  (abs)        000000
__Lspace_1                  (abs)        000000
__Lspace_2                  (abs)        000000
__Lstack                    stack        000000
__Lstruct                   struct       000000
__Ltemp                     temp         00005F
__Ltext                     text         000000
__Ltext0                    text0        000000
__Ltext1                    text1        000000
__Ltext10                   text10       000000
__Ltext11                   text11       000000
__Ltext12                   text12       000000
__Ltext13                   text13       000000
__Ltext14                   text14       000000
__Ltext15                   text15       000000
__Ltext16                   text16       000000
__Ltext17                   text17       000000
__Ltext18                   text18       000000
__Ltext19                   text19       000000
__Ltext2                    text2        000000
__Ltext20                   text20       000000
__Ltext21                   text21       000000
__Ltext22                   text22       000000
__Ltext23                   text23       000000
__Ltext24                   text24       000000
__Ltext25                   text25       000000
__Ltext26                   text26       000000
__Ltext27                   text27       000000
__Ltext28                   text28       000000
__Ltext29                   text29       000000
__Ltext3                    text3        000000
__Ltext30                   text30       000000
__Ltext31                   text31       000000
__Ltext32                   text32       000000
__Ltext33                   text33       000000
__Ltext34                   text34       000000
__Ltext35                   text35       000000
__Ltext4                    text4        000000
__Ltext5                    text5        000000
__Ltext6                    text6        000000
__Ltext7                    text7        000000
__Ltext8                    text8        000000
__Ltext9                    text9        000000
__S0                        (abs)        30000E
__S1                        (abs)        0000BD
__S2                        (abs)        000000
___aodiv                    text22       001A10
___aodiv@counter            cstackCOMRAM 000011
___aodiv@dividend           cstackCOMRAM 000001
___aodiv@divisor            cstackCOMRAM 000009
___aodiv@quotient           cstackCOMRAM 000013
___aodiv@sign               cstackCOMRAM 000012
___aomod                    text21       001C94
___aomod@counter            cstackCOMRAM 000011
___aomod@dividend           cstackCOMRAM 000001
___aomod@divisor            cstackCOMRAM 000009
___aomod@sign               cstackCOMRAM 000012
___inthi_sp                 stack        000000
___intlo_sp                 stack        000000
___lodiv                    text15       001FAE
___lodiv@counter            cstackCOMRAM 000019
___lodiv@dividend           cstackCOMRAM 000001
___lodiv@divisor            cstackCOMRAM 000009
___lodiv@quotient           cstackCOMRAM 000011
___lomod                    text14       002138
___lomod@counter            cstackCOMRAM 000011
___lomod@dividend           cstackCOMRAM 000001
___lomod@divisor            cstackCOMRAM 000009
___param_bank               (abs)        000000
___rparam_used              (abs)        000001
___sp                       stack        000000
___wmul                     text31       002750
___wmul@multiplicand        cstackCOMRAM 000003
___wmul@multiplier          cstackCOMRAM 000001
___wmul@product             cstackCOMRAM 000005
__accesstop                 (abs)        000060
__activetblptr              (abs)        000002
__end_of_BIT_0              smallconst   000814
__end_of_BIT_1              smallconst   000813
__end_of_BIT_2              smallconst   000812
__end_of_BIT_3              smallconst   000811
__end_of_BIT_4              smallconst   000810
__end_of_BIT_5              smallconst   00080F
__end_of_BIT_6              smallconst   00080E
__end_of_BIT_7              smallconst   00080D
__end_of_DIG1               smallconst   00081B
__end_of_DIG2               smallconst   000816
__end_of_DIG3               smallconst   000815
__end_of_OE                 smallconst   000817
__end_of_RCLK               smallconst   000818
__end_of_SER                smallconst   00081C
__end_of_SRCLK              smallconst   00081A
__end_of_SRCLR              smallconst   000819
__end_of___aodiv            text22       001B58
__end_of___aomod            text21       001DB8
__end_of___lodiv            text15       00207C
__end_of___lomod            text14       0021E6
__end_of___wmul             text31       002776
__end_of__initialization    cinit        0025E6
__end_of_abs                text20       002690
__end_of_atoi               text28       001C94
__end_of_character_table    text35       001FAE
__end_of_ctoa               text23       0024F8
__end_of_display3           text32       002320
__end_of_dtoa               text19       0014E4
__end_of_fputc              text26       002422
__end_of_fputs              text25       002720
__end_of_isalpha            text12       00265E
__end_of_isdigit            text30       002750
__end_of_islower            text10       0026C0
__end_of_isspace            text29       0025BA
__end_of_isupper            text11       0026F0
__end_of_main               text0        0027D0
__end_of_my_ISR             intcode_body 00262A
__end_of_numarator          text3        0024B2
__end_of_otoa               text18       001A10
__end_of_pad                text24       0023A2
__end_of_putch              text27       002806
__end_of_send_digit         text34       00257C
__end_of_setupPortDisplay   text2        0027E6
__end_of_setup_TMR0         text1        0027FA
__end_of_snprintf           text4        0027B6
__end_of_stoa               text17       001EC6
__end_of_strlen             text33       002798
__end_of_strncmp            text16       002284
__end_of_toupper            text9        00246C
__end_of_utoa               text13       0018A0
__end_of_vfpfcnvrt          text7        0012B0
__end_of_vfprintf           text6        00253C
__end_of_vsnprintf          text5        002138
__end_of_xtoa               text8        0016FE
__end_ofcharacter_table@a   smallconst   00080B
__end_ofcharacter_table@b   smallconst   00080A
__end_ofcharacter_table@c   smallconst   000809
__end_ofcharacter_table@d   smallconst   000808
__end_ofcharacter_table@e   smallconst   000807
__end_ofcharacter_table@f   smallconst   000806
__end_ofcharacter_table@g   smallconst   000805
__end_ofcharacter_table@h   smallconst   000804
__end_ofcharacter_table@o   smallconst   00080C
__end_ofdisplay3@dig_mask   smallconst   000802
__end_ofsend_digit@com_mask smallconst   000803
__initialization            cinit        0025BA
__mediumconst               mediumconst  000000
__pbssBANK0                 bssBANK0     000060
__pcinit                    cinit        0025BA
__pcstackBANK0              cstackBANK0  00008E
__pcstackCOMRAM             cstackCOMRAM 000001
__pdataBANK0                dataBANK0    0000B3
__pidataBANK0               idataBANK0   0027FA
__pintcode                  intcode      000008
__pintcode_body             intcode_body 0025F4
__psmallconst               smallconst   000800
__ptext0                    text0        0027B6
__ptext1                    text1        0027E6
__ptext10                   text10       002690
__ptext11                   text11       0026C0
__ptext12                   text12       00262A
__ptext13                   text13       0016FE
__ptext14                   text14       002138
__ptext15                   text15       001FAE
__ptext16                   text16       0021E6
__ptext17                   text17       001DB8
__ptext18                   text18       0018A0
__ptext19                   text19       0012B0
__ptext2                    text2        0027D0
__ptext20                   text20       00265E
__ptext21                   text21       001C94
__ptext22                   text22       001A10
__ptext23                   text23       0024B2
__ptext24                   text24       002320
__ptext25                   text25       0026F0
__ptext26                   text26       0023A2
__ptext27                   text27       002804
__ptext28                   text28       001B58
__ptext29                   text29       00257C
__ptext3                    text3        00246C
__ptext30                   text30       002720
__ptext31                   text31       002750
__ptext32                   text32       002284
__ptext33                   text33       002776
__ptext34                   text34       00253C
__ptext35                   text35       001EC6
__ptext4                    text4        002798
__ptext5                    text5        00207C
__ptext6                    text6        0024F8
__ptext7                    text7        000852
__ptext8                    text8        0014E4
__ptext9                    text9        002422
__ramtop                    ramtop       000800
__size_of___aodiv           (abs)        000000
__size_of___aomod           (abs)        000000
__size_of___lodiv           (abs)        000000
__size_of___lomod           (abs)        000000
__size_of___wmul            (abs)        000000
__size_of_abs               (abs)        000000
__size_of_atoi              (abs)        000000
__size_of_character_table   (abs)        000000
__size_of_ctoa              (abs)        000000
__size_of_display3          (abs)        000000
__size_of_dtoa              (abs)        000000
__size_of_fputc             (abs)        000000
__size_of_fputs             (abs)        000000
__size_of_isalpha           (abs)        000000
__size_of_isdigit           (abs)        000000
__size_of_islower           (abs)        000000
__size_of_isspace           (abs)        000000
__size_of_isupper           (abs)        000000
__size_of_main              (abs)        000000
__size_of_my_ISR            (abs)        000000
__size_of_numarator         (abs)        000000
__size_of_otoa              (abs)        000000
__size_of_pad               (abs)        000000
__size_of_putch             (abs)        000000
__size_of_send_digit        (abs)        000000
__size_of_setupPortDisplay  (abs)        000000
__size_of_setup_TMR0        (abs)        000000
__size_of_snprintf          (abs)        000000
__size_of_stoa              (abs)        000000
__size_of_strlen            (abs)        000000
__size_of_strncmp           (abs)        000000
__size_of_toupper           (abs)        000000
__size_of_utoa              (abs)        000000
__size_of_vfpfcnvrt         (abs)        000000
__size_of_vfprintf          (abs)        000000
__size_of_vsnprintf         (abs)        000000
__size_of_xtoa              (abs)        000000
__smallconst                smallconst   000800
_abs                        text20       00265E
_atoi                       text28       001B58
_atoi$965                   cstackCOMRAM 000010
_atoi$966                   cstackCOMRAM 000014
_atoi$967                   cstackCOMRAM 000012
_buffer                     bssBANK0     00008A
_character_table            text35       001EC6
_count                      dataBANK0    0000BC
_ctoa                       text23       0024B2
_dbuf                       bssBANK0     00006A
_display3                   text32       002284
_dtoa                       text19       0012B0
_dtoa$352                   cstackCOMRAM 00002C
_errno                      bssBANK0     000060
_flags                      bssBANK0     000068
_fputc                      text26       0023A2
_fputs                      text25       0026F0
_isalpha                    text12       00262A
_isdigit                    text30       002720
_islower                    text10       002690
_isspace                    text29       00257C
_isspace$992                cstackCOMRAM 000007
_isupper                    text11       0026C0
_main                       text0        0027B6
_my_ISR                     intcode      000008
_nout                       bssBANK0     000062
_numarator                  text3        00246C
_otoa                       text18       0018A0
_pad                        text24       002320
_prec                       bssBANK0     000066
_putch                      text27       002804
_send_digit                 text34       00253C
_setupPortDisplay           text2        0027D0
_setup_TMR0                 text1        0027E6
_snprintf                   text4        002798
_stoa                       text17       001DB8
_strlen                     text33       002776
_strncmp                    text16       0021E6
_toupper                    text9        002422
_toupper$1072               cstackCOMRAM 00000D
_utoa                       text13       0016FE
_vfpfcnvrt                  text7        000852
_vfpfcnvrt$403              cstackCOMRAM 000047
_vfpfcnvrt$404              cstackCOMRAM 000049
_vfprintf                   text6        0024F8
_vsnprintf                  text5        00207C
_vsnprintf$1104             cstackBANK0  00009A
_width                      bssBANK0     000064
_xtoa                       text8        0014E4
_xtoa$388                   cstackCOMRAM 000029
_xtoa$389                   cstackCOMRAM 00002B
abs@a                       cstackCOMRAM 000013
atoi@n                      cstackCOMRAM 000015
atoi@neg                    cstackCOMRAM 00000E
atoi@s                      cstackCOMRAM 000008
btemp                       temp         00005F
character_table@h           smallconst   000803
character_table@o           smallconst   00080B
character_table@symbol      cstackCOMRAM 000003
ctoa@c                      cstackCOMRAM 000018
ctoa@fp                     cstackCOMRAM 000017
ctoa@w                      cstackCOMRAM 000019
display3@bit                cstackCOMRAM 00000B
display3@csize              cstackCOMRAM 00000A
display3@data3              cstackCOMRAM 000005
dtoa@d                      cstackCOMRAM 00001C
dtoa@fp                     cstackCOMRAM 00001B
dtoa@i                      cstackCOMRAM 00003C
dtoa@n                      cstackCOMRAM 000034
dtoa@p                      cstackCOMRAM 00002E
dtoa@s                      cstackCOMRAM 000032
dtoa@w                      cstackCOMRAM 000030
end_of_initialization       cinit        0025E6
fputc@c                     cstackCOMRAM 000001
fputc@fp                    cstackCOMRAM 000003
fputs@c                     cstackCOMRAM 00000B
fputs@fp                    cstackCOMRAM 00000A
fputs@i                     cstackCOMRAM 00000C
fputs@s                     cstackCOMRAM 000009
int$flags                   temp         00005F
int_func                    intcode_body 0025F4
intlevel0                   text         000000
intlevel1                   text         000000
intlevel2                   text         000000
intlevel3                   text         000000
isalpha@c                   cstackCOMRAM 000001
isdigit@c                   cstackCOMRAM 000001
islower@c                   cstackCOMRAM 000001
isspace@c                   cstackCOMRAM 000001
isupper@c                   cstackCOMRAM 000001
numarator@nr                cstackBANK0  0000AC
otoa@d                      cstackCOMRAM 000018
otoa@fp                     cstackCOMRAM 000017
otoa@i                      cstackCOMRAM 000036
otoa@n                      cstackCOMRAM 00002E
otoa@p                      cstackCOMRAM 000028
otoa@t                      cstackCOMRAM 00002A
otoa@w                      cstackCOMRAM 00002C
pad@buf                     cstackCOMRAM 00000F
pad@fp                      cstackCOMRAM 00000E
pad@i                       cstackCOMRAM 000013
pad@p                       cstackCOMRAM 000010
pad@w                       cstackCOMRAM 000015
send_digit@a                cstackCOMRAM 000004
send_digit@data             cstackCOMRAM 000001
send_digit@i                cstackCOMRAM 000002
snprintf@ap                 cstackBANK0  0000AB
snprintf@fmt                cstackBANK0  0000A6
snprintf@n                  cstackBANK0  0000A4
snprintf@s                  cstackBANK0  0000A3
stackhi                     (abs)        0007FF
stacklo                     (abs)        0000BD
start                       init         00000E
start_initialization        cinit        0025BA
stoa@F1152                  dataBANK0    0000B3
stoa@cp                     cstackCOMRAM 000017
stoa@fp                     cstackCOMRAM 000009
stoa@i                      cstackCOMRAM 000013
stoa@l                      cstackCOMRAM 00001A
stoa@nuls                   cstackCOMRAM 00000C
stoa@p                      cstackCOMRAM 000018
stoa@s                      cstackCOMRAM 00000A
stoa@w                      cstackCOMRAM 000015
strlen@a                    cstackCOMRAM 000003
strlen@s                    cstackCOMRAM 000001
strncmp@_l                  cstackCOMRAM 000001
strncmp@_r                  cstackCOMRAM 000002
strncmp@l                   cstackCOMRAM 000006
strncmp@n                   cstackCOMRAM 000003
strncmp@r                   cstackCOMRAM 000007
toupper@c                   cstackCOMRAM 000007
ttemp5                      temp         000060
ttemp6                      temp         000063
ttemp7                      temp         000067
utoa@d                      cstackCOMRAM 00001B
utoa@fp                     cstackCOMRAM 00001A
utoa@i                      cstackCOMRAM 000037
utoa@n                      cstackCOMRAM 00002F
utoa@p                      cstackCOMRAM 00002B
utoa@w                      cstackCOMRAM 00002D
vfpfcnvrt@ap                cstackCOMRAM 000040
vfpfcnvrt@c                 cstackCOMRAM 000055
vfpfcnvrt@cp                cstackCOMRAM 00004B
vfpfcnvrt@done              cstackCOMRAM 000045
vfpfcnvrt@fmt               cstackCOMRAM 00003F
vfpfcnvrt@fp                cstackCOMRAM 00003E
vfpfcnvrt@ll                cstackCOMRAM 00004C
vfpfcnvrt@llu               cstackCOMRAM 000056
vfpfcnvrt@vp                cstackCOMRAM 000054
vfprintf@ap                 cstackBANK0  000090
vfprintf@cfmt               cstackCOMRAM 00005E
vfprintf@fmt                cstackBANK0  00008F
vfprintf@fp                 cstackBANK0  00008E
vsnprintf@ap                cstackBANK0  000095
vsnprintf@cnt               cstackBANK0  00009C
vsnprintf@f                 cstackBANK0  00009E
vsnprintf@fmt               cstackBANK0  000094
vsnprintf@n                 cstackBANK0  000092
vsnprintf@s                 cstackBANK0  000091
wtemp8                      temp         000060
xtoa@c                      cstackCOMRAM 00003B
xtoa@d                      cstackCOMRAM 000018
xtoa@fp                     cstackCOMRAM 000017
xtoa@i                      cstackCOMRAM 000039
xtoa@n                      cstackCOMRAM 000031
xtoa@p                      cstackCOMRAM 00002D
xtoa@w                      cstackCOMRAM 00002F
xtoa@x                      cstackCOMRAM 000020


FUNCTION INFORMATION:

 *************** function _main *****************
 Defined at:
		line 265 in file "main.c"
 Parameters:    Size  Location     Type
  argc            2   32[BANK0 ] int 
  argv            3   34[BANK0 ] PTR PTR unsigned char 
 Auto vars:     Size  Location     Type
		None
 Return value:  Size  Location     Type
                  2   32[BANK0 ] int 
 Registers used:
		wreg, fsr1l, fsr1h, fsr2l, fsr2h, status,2, status,0, tblptrl, tblptrh, tblptru, prodl, prodh, cstack
 Tracked objects:
		On entry : 
		On exit  : 
		Unchanged: 
 Data sizes:     COMRAM   BANK0   BANK1   BANK2   BANK3   BANK4   BANK5   BANK6   BANK7
      Params:         0       5       0       0       0       0       0       0       0
      Locals:         0       0       0       0       0       0       0       0       0
      Temps:          0       0       0       0       0       0       0       0       0
      Totals:         0       5       0       0       0       0       0       0       0
Total ram usage:        5 bytes
 Hardware stack levels required when called:   11
 This function calls:
		_numarator
		_setupPortDisplay
		_setup_TMR0
 This function is called by:
		Startup code after reset
 This function uses a non-reentrant model


 *************** function _setup_TMR0 *****************
 Defined at:
		line 227 in file "main.c"
 Parameters:    Size  Location     Type
		None
 Auto vars:     Size  Location     Type
		None
 Return value:  Size  Location     Type
                  1    wreg      void 
 Registers used:
		wreg, status,2
 Tracked objects:
		On entry : 
		On exit  : 
		Unchanged: 
 Data sizes:     COMRAM   BANK0   BANK1   BANK2   BANK3   BANK4   BANK5   BANK6   BANK7
      Params:         0       0       0       0       0       0       0       0       0
      Locals:         0       0       0       0       0       0       0       0       0
      Temps:          0       0       0       0       0       0       0       0       0
      Totals:         0       0       0       0       0       0       0       0       0
Total ram usage:        0 bytes
 Hardware stack levels used:    1
 Hardware stack levels required when called:    1
 This function calls:
		Nothing
 This function is called by:
		_main
 This function uses a non-reentrant model


 *************** function _setupPortDisplay *****************
 Defined at:
		line 108 in file "main.c"
 Parameters:    Size  Location     Type
		None
 Auto vars:     Size  Location     Type
		None
 Return value:  Size  Location     Type
                  1    wreg      void 
 Registers used:
		wreg, status,2
 Tracked objects:
		On entry : 
		On exit  : 
		Unchanged: 
 Data sizes:     COMRAM   BANK0   BANK1   BANK2   BANK3   BANK4   BANK5   BANK6   BANK7
      Params:         0       0       0       0       0       0       0       0       0
      Locals:         0       0       0       0       0       0       0       0       0
      Temps:          0       0       0       0       0       0       0       0       0
      Totals:         0       0       0       0       0       0       0       0       0
Total ram usage:        0 bytes
 Hardware stack levels used:    1
 Hardware stack levels required when called:    1
 This function calls:
		Nothing
 This function is called by:
		_main
 This function uses a non-reentrant model


 *************** function _numarator *****************
 Defined at:
		line 237 in file "main.c"
 Parameters:    Size  Location     Type
		None
 Auto vars:     Size  Location     Type
  nr              2   30[BANK0 ] unsigned int 
 Return value:  Size  Location     Type
                  1    wreg      void 
 Registers used:
		wreg, fsr1l, fsr1h, fsr2l, fsr2h, status,2, status,0, tblptrl, tblptrh, tblptru, prodl, prodh, cstack
 Tracked objects:
		On entry : 
		On exit  : 
		Unchanged: 
 Data sizes:     COMRAM   BANK0   BANK1   BANK2   BANK3   BANK4   BANK5   BANK6   BANK7
      Params:         0       0       0       0       0       0       0       0       0
      Locals:         0       2       0       0       0       0       0       0       0
      Temps:          0       0       0       0       0       0       0       0       0
      Totals:         0       2       0       0       0       0       0       0       0
Total ram usage:        2 bytes
 Hardware stack levels used:    1
 Hardware stack levels required when called:   10
 This function calls:
		_display3
		_snprintf
 This function is called by:
		_main
 This function uses a non-reentrant model


 *************** function _snprintf *****************
 Defined at:
		line 4 in file "C:\Program Files (x86)\Microchip\xc8\v2.05\pic\sources\c99\common\snprintf.c"
 Parameters:    Size  Location     Type
  s               1   21[BANK0 ] PTR unsigned char 
		 -> buffer(4), 
  n               2   22[BANK0 ] unsigned int 
  fmt             1   24[BANK0 ] PTR const unsigned char 
		 -> STR_1(3), 
 Auto vars:     Size  Location     Type
  ret             2    0        int 
  ap              1   29[BANK0 ] PTR void [1]
		 -> ?_snprintf(2), 
 Return value:  Size  Location     Type
                  2   21[BANK0 ] int 
 Registers used:
		wreg, fsr1l, fsr1h, fsr2l, fsr2h, status,2, status,0, tblptrl, tblptrh, tblptru, prodl, prodh, cstack
 Tracked objects:
		On entry : 
		On exit  : 
		Unchanged: 
 Data sizes:     COMRAM   BANK0   BANK1   BANK2   BANK3   BANK4   BANK5   BANK6   BANK7
      Params:         0       6       0       0       0       0       0       0       0
      Locals:         0       3       0       0       0       0       0       0       0
      Temps:          0       0       0       0       0       0       0       0       0
      Totals:         0       9       0       0       0       0       0       0       0
Total ram usage:        9 bytes
 Hardware stack levels used:    1
 Hardware stack levels required when called:    9
 This function calls:
		_vsnprintf
 This function is called by:
		_numarator
 This function uses a non-reentrant model


 *************** function _vsnprintf *****************
 Defined at:
		line 11 in file "C:\Program Files (x86)\Microchip\xc8\v2.05\pic\sources\c99\common\nf_vsnprintf.c"
 Parameters:    Size  Location     Type
  s               1    3[BANK0 ] PTR unsigned char 
		 -> buffer(4), 
  n               2    4[BANK0 ] unsigned int 
  fmt             1    6[BANK0 ] PTR const unsigned char 
		 -> STR_1(3), 
  ap              1    7[BANK0 ] PTR PTR void 
		 -> snprintf@ap(1), 
 Auto vars:     Size  Location     Type
  f               5   16[BANK0 ] struct _IO_FILE
  cnt             2   14[BANK0 ] int 
 Return value:  Size  Location     Type
                  2    3[BANK0 ] int 
 Registers used:
		wreg, fsr1l, fsr1h, fsr2l, fsr2h, status,2, status,0, tblptrl, tblptrh, tblptru, prodl, prodh, cstack
 Tracked objects:
		On entry : 
		On exit  : 
		Unchanged: 
 Data sizes:     COMRAM   BANK0   BANK1   BANK2   BANK3   BANK4   BANK5   BANK6   BANK7
      Params:         0       5       0       0       0       0       0       0       0
      Locals:         0       9       0       0       0       0       0       0       0
      Temps:          0       4       0       0       0       0       0       0       0
      Totals:         0      18       0       0       0       0       0       0       0
Total ram usage:       18 bytes
 Hardware stack levels used:    1
 Hardware stack levels required when called:    8
 This function calls:
		_vfprintf
 This function is called by:
		_snprintf
 This function uses a non-reentrant model


 *************** function _vfprintf *****************
 Defined at:
		line 1368 in file "C:\Program Files (x86)\Microchip\xc8\v2.05\pic\sources\c99\common\doprnt.c"
 Parameters:    Size  Location     Type
  fp              1    0[BANK0 ] PTR struct _IO_FILE
		 -> vsnprintf@f(5), 
  fmt             1    1[BANK0 ] PTR const unsigned char 
		 -> STR_1(3), 
  ap              1    2[BANK0 ] PTR PTR void 
		 -> snprintf@ap(1), 
 Auto vars:     Size  Location     Type
  cfmt            1   93[COMRAM] PTR unsigned char 
		 -> STR_1(3), 
 Return value:  Size  Location     Type
                  2    0[BANK0 ] int 
 Registers used:
		wreg, fsr1l, fsr1h, fsr2l, fsr2h, status,2, status,0, tblptrl, tblptrh, tblptru, prodl, prodh, cstack
 Tracked objects:
		On entry : 
		On exit  : 
		Unchanged: 
 Data sizes:     COMRAM   BANK0   BANK1   BANK2   BANK3   BANK4   BANK5   BANK6   BANK7
      Params:         0       3       0       0       0       0       0       0       0
      Locals:         1       0       0       0       0       0       0       0       0
      Temps:          0       0       0       0       0       0       0       0       0
      Totals:         1       3       0       0       0       0       0       0       0
Total ram usage:        4 bytes
 Hardware stack levels used:    1
 Hardware stack levels required when called:    7
 This function calls:
		_vfpfcnvrt
 This function is called by:
		_vsnprintf
 This function uses a non-reentrant model


 *************** function _vfpfcnvrt *****************
 Defined at:
		line 670 in file "C:\Program Files (x86)\Microchip\xc8\v2.05\pic\sources\c99\common\doprnt.c"
 Parameters:    Size  Location     Type
  fp              1   61[COMRAM] PTR struct _IO_FILE
		 -> vsnprintf@f(5), 
  fmt             1   62[COMRAM] PTR PTR unsigned char 
		 -> vfprintf@cfmt(1), 
  ap              1   63[COMRAM] PTR PTR void 
		 -> snprintf@ap(1), 
 Auto vars:     Size  Location     Type
  llu             8   85[COMRAM] unsigned long long 
  ll              8   75[COMRAM] long long 
  f               4    0        long long 
  ct              3    0        unsigned char [3]
  done            2   68[COMRAM] int 
  i               2    0        int 
  c               1   84[COMRAM] unsigned char 
  vp              1   83[COMRAM] PTR void 
		 -> ?_snprintf(2), 
  cp              1   74[COMRAM] PTR unsigned char 
		 -> ?_snprintf(2), 
 Return value:  Size  Location     Type
                  2   61[COMRAM] int 
 Registers used:
		wreg, fsr1l, fsr1h, fsr2l, fsr2h, status,2, status,0, tblptrl, tblptrh, tblptru, prodl, prodh, cstack
 Tracked objects:
		On entry : 
		On exit  : 
		Unchanged: 
 Data sizes:     COMRAM   BANK0   BANK1   BANK2   BANK3   BANK4   BANK5   BANK6   BANK7
      Params:         3       0       0       0       0       0       0       0       0
      Locals:        25       0       0       0       0       0       0       0       0
      Temps:          4       0       0       0       0       0       0       0       0
      Totals:        32       0       0       0       0       0       0       0       0
Total ram usage:       32 bytes
 Hardware stack levels used:    1
 Hardware stack levels required when called:    6
 This function calls:
		_atoi
		_ctoa
		_dtoa
		_fputc
		_isdigit
		_otoa
		_stoa
		_strncmp
		_utoa
		_xtoa
 This function is called by:
		_vfprintf
 This function uses a non-reentrant model


 *************** function _xtoa *****************
 Defined at:
		line 623 in file "C:\Program Files (x86)\Microchip\xc8\v2.05\pic\sources\c99\common\doprnt.c"
 Parameters:    Size  Location     Type
  fp              1   22[COMRAM] PTR struct _IO_FILE
		 -> vsnprintf@f(5), 
  d               8   23[COMRAM] unsigned long long 
  x               1   31[COMRAM] unsigned char 
 Auto vars:     Size  Location     Type
  n               8   48[COMRAM] unsigned long long 
  c               2   58[COMRAM] int 
  i               2   56[COMRAM] int 
  w               2   46[COMRAM] int 
  p               2   44[COMRAM] int 
 Return value:  Size  Location     Type
                  2   22[COMRAM] int 
 Registers used:
		wreg, fsr1l, fsr1h, fsr2l, fsr2h, status,2, status,0, cstack
 Tracked objects:
		On entry : 
		On exit  : 
		Unchanged: 
 Data sizes:     COMRAM   BANK0   BANK1   BANK2   BANK3   BANK4   BANK5   BANK6   BANK7
      Params:        10       0       0       0       0       0       0       0       0
      Locals:        20       0       0       0       0       0       0       0       0
      Temps:          8       0       0       0       0       0       0       0       0
      Totals:        38       0       0       0       0       0       0       0       0
Total ram usage:       38 bytes
 Hardware stack levels used:    1
 Hardware stack levels required when called:    5
 This function calls:
		_isalpha
		_isupper
		_pad
		_toupper
 This function is called by:
		_vfpfcnvrt
 This function uses a non-reentrant model


 *************** function _toupper *****************
 Defined at:
		line 4 in file "C:\Program Files (x86)\Microchip\xc8\v2.05\pic\sources\c99\common\toupper.c"
 Parameters:    Size  Location     Type
  c               2    6[COMRAM] int 
 Auto vars:     Size  Location     Type
		None
 Return value:  Size  Location     Type
                  2    6[COMRAM] int 
 Registers used:
		wreg, status,2, status,0
 Tracked objects:
		On entry : 
		On exit  : 
		Unchanged: 
 Data sizes:     COMRAM   BANK0   BANK1   BANK2   BANK3   BANK4   BANK5   BANK6   BANK7
      Params:         2       0       0       0       0       0       0       0       0
      Locals:         2       0       0       0       0       0       0       0       0
      Temps:          4       0       0       0       0       0       0       0       0
      Totals:         8       0       0       0       0       0       0       0       0
Total ram usage:        8 bytes
 Hardware stack levels used:    1
 Hardware stack levels required when called:    2
 This function calls:
		_islower
 This function is called by:
		_xtoa
 This function uses a non-reentrant model


 *************** function _islower *****************
 Defined at:
		line 5 in file "C:\Program Files (x86)\Microchip\xc8\v2.05\pic\sources\c99\common\islower.c"
 Parameters:    Size  Location     Type
  c               2    0[COMRAM] int 
 Auto vars:     Size  Location     Type
		None
 Return value:  Size  Location     Type
                  2    0[COMRAM] int 
 Registers used:
		wreg, status,2, status,0
 Tracked objects:
		On entry : 
		On exit  : 
		Unchanged: 
 Data sizes:     COMRAM   BANK0   BANK1   BANK2   BANK3   BANK4   BANK5   BANK6   BANK7
      Params:         2       0       0       0       0       0       0       0       0
      Locals:         0       0       0       0       0       0       0       0       0
      Temps:          4       0       0       0       0       0       0       0       0
      Totals:         6       0       0       0       0       0       0       0       0
Total ram usage:        6 bytes
 Hardware stack levels used:    1
 Hardware stack levels required when called:    1
 This function calls:
		Nothing
 This function is called by:
		_toupper
 This function uses a non-reentrant model


 *************** function _isupper *****************
 Defined at:
		line 5 in file "C:\Program Files (x86)\Microchip\xc8\v2.05\pic\sources\c99\common\isupper.c"
 Parameters:    Size  Location     Type
  c               2    0[COMRAM] int 
 Auto vars:     Size  Location     Type
		None
 Return value:  Size  Location     Type
                  2    0[COMRAM] int 
 Registers used:
		wreg, status,2, status,0
 Tracked objects:
		On entry : 
		On exit  : 
		Unchanged: 
 Data sizes:     COMRAM   BANK0   BANK1   BANK2   BANK3   BANK4   BANK5   BANK6   BANK7
      Params:         2       0       0       0       0       0       0       0       0
      Locals:         0       0       0       0       0       0       0       0       0
      Temps:          4       0       0       0       0       0       0       0       0
      Totals:         6       0       0       0       0       0       0       0       0
Total ram usage:        6 bytes
 Hardware stack levels used:    1
 Hardware stack levels required when called:    1
 This function calls:
		Nothing
 This function is called by:
		_xtoa
 This function uses a non-reentrant model


 *************** function _isalpha *****************
 Defined at:
		line 5 in file "C:\Program Files (x86)\Microchip\xc8\v2.05\pic\sources\c99\common\isalpha.c"
 Parameters:    Size  Location     Type
  c               2    0[COMRAM] int 
 Auto vars:     Size  Location     Type
		None
 Return value:  Size  Location     Type
                  2    0[COMRAM] int 
 Registers used:
		wreg, status,2, status,0
 Tracked objects:
		On entry : 
		On exit  : 
		Unchanged: 
 Data sizes:     COMRAM   BANK0   BANK1   BANK2   BANK3   BANK4   BANK5   BANK6   BANK7
      Params:         2       0       0       0       0       0       0       0       0
      Locals:         0       0       0       0       0       0       0       0       0
      Temps:          4       0       0       0       0       0       0       0       0
      Totals:         6       0       0       0       0       0       0       0       0
Total ram usage:        6 bytes
 Hardware stack levels used:    1
 Hardware stack levels required when called:    1
 This function calls:
		Nothing
 This function is called by:
		_xtoa
 This function uses a non-reentrant model


 *************** function _utoa *****************
 Defined at:
		line 593 in file "C:\Program Files (x86)\Microchip\xc8\v2.05\pic\sources\c99\common\doprnt.c"
 Parameters:    Size  Location     Type
  fp              1   25[COMRAM] PTR struct _IO_FILE
		 -> vsnprintf@f(5), 
  d               8   26[COMRAM] unsigned long long 
 Auto vars:     Size  Location     Type
  n               8   46[COMRAM] unsigned long long 
  i               2   54[COMRAM] int 
  w               2   44[COMRAM] int 
  p               2   42[COMRAM] int 
 Return value:  Size  Location     Type
                  2   25[COMRAM] int 
 Registers used:
		wreg, fsr1l, fsr1h, fsr2l, fsr2h, status,2, status,0, cstack
 Tracked objects:
		On entry : 
		On exit  : 
		Unchanged: 
 Data sizes:     COMRAM   BANK0   BANK1   BANK2   BANK3   BANK4   BANK5   BANK6   BANK7
      Params:         9       0       0       0       0       0       0       0       0
      Locals:        14       0       0       0       0       0       0       0       0
      Temps:          8       0       0       0       0       0       0       0       0
      Totals:        31       0       0       0       0       0       0       0       0
Total ram usage:       31 bytes
 Hardware stack levels used:    1
 Hardware stack levels required when called:    5
 This function calls:
		___lodiv
		___lomod
		_pad
 This function is called by:
		_vfpfcnvrt
 This function uses a non-reentrant model


 *************** function ___lomod *****************
 Defined at:
		line 9 in file "C:\Program Files (x86)\Microchip\xc8\v2.05\pic\sources\c99\common\lomod.c"
 Parameters:    Size  Location     Type
  dividend        8    0[COMRAM] unsigned long long 
  divisor         8    8[COMRAM] unsigned long long 
 Auto vars:     Size  Location     Type
  counter         1   16[COMRAM] unsigned char 
 Return value:  Size  Location     Type
                  8    0[COMRAM] unsigned long long 
 Registers used:
		wreg, status,2, status,0
 Tracked objects:
		On entry : 
		On exit  : 
		Unchanged: 
 Data sizes:     COMRAM   BANK0   BANK1   BANK2   BANK3   BANK4   BANK5   BANK6   BANK7
      Params:        16       0       0       0       0       0       0       0       0
      Locals:         1       0       0       0       0       0       0       0       0
      Temps:          0       0       0       0       0       0       0       0       0
      Totals:        17       0       0       0       0       0       0       0       0
Total ram usage:       17 bytes
 Hardware stack levels used:    1
 Hardware stack levels required when called:    1
 This function calls:
		Nothing
 This function is called by:
		_utoa
 This function uses a non-reentrant model


 *************** function ___lodiv *****************
 Defined at:
		line 9 in file "C:\Program Files (x86)\Microchip\xc8\v2.05\pic\sources\c99\common\lodiv.c"
 Parameters:    Size  Location     Type
  dividend        8    0[COMRAM] unsigned long long 
  divisor         8    8[COMRAM] unsigned long long 
 Auto vars:     Size  Location     Type
  quotient        8   16[COMRAM] unsigned long long 
  counter         1   24[COMRAM] unsigned char 
 Return value:  Size  Location     Type
                  8    0[COMRAM] unsigned long long 
 Registers used:
		wreg, fsr2l, fsr2h, status,2, status,0
 Tracked objects:
		On entry : 
		On exit  : 
		Unchanged: 
 Data sizes:     COMRAM   BANK0   BANK1   BANK2   BANK3   BANK4   BANK5   BANK6   BANK7
      Params:        16       0       0       0       0       0       0       0       0
      Locals:         9       0       0       0       0       0       0       0       0
      Temps:          0       0       0       0       0       0       0       0       0
      Totals:        25       0       0       0       0       0       0       0       0
Total ram usage:       25 bytes
 Hardware stack levels used:    1
 Hardware stack levels required when called:    1
 This function calls:
		Nothing
 This function is called by:
		_utoa
 This function uses a non-reentrant model


 *************** function _strncmp *****************
 Defined at:
		line 3 in file "C:\Program Files (x86)\Microchip\xc8\v2.05\pic\sources\c99\common\strncmp.c"
 Parameters:    Size  Location     Type
  _l              1    0[COMRAM] PTR const unsigned char 
		 -> STR_1(3), 
  _r              1    1[COMRAM] PTR const unsigned char 
		 -> STR_98(3), STR_94(3), STR_89(3), STR_85(3), 
		 -> STR_80(4), STR_76(4), STR_71(3), STR_66(3), 
		 -> STR_61(4), STR_56(3), STR_51(3), STR_46(4), 
		 -> STR_41(3), STR_36(3), STR_31(4), STR_26(3), 
		 -> STR_22(3), STR_17(3), STR_13(3), STR_8(4), 
		 -> STR_4(4), 
  n               2    2[COMRAM] unsigned int 
 Auto vars:     Size  Location     Type
  r               1    6[COMRAM] PTR const unsigned char 
		 -> STR_98(3), STR_94(3), STR_89(3), STR_85(3), 
		 -> STR_80(4), STR_76(4), STR_71(3), STR_66(3), 
		 -> STR_61(4), STR_56(3), STR_51(3), STR_46(4), 
		 -> STR_41(3), STR_36(3), STR_31(4), STR_26(3), 
		 -> STR_22(3), STR_17(3), STR_13(3), STR_8(4), 
		 -> STR_4(4), 
  l               1    5[COMRAM] PTR const unsigned char 
		 -> STR_1(3), 
 Return value:  Size  Location     Type
                  2    0[COMRAM] int 
 Registers used:
		wreg, status,2, status,0, tblptrl, tblptrh, tblptru
 Tracked objects:
		On entry : 
		On exit  : 
		Unchanged: 
 Data sizes:     COMRAM   BANK0   BANK1   BANK2   BANK3   BANK4   BANK5   BANK6   BANK7
      Params:         4       0       0       0       0       0       0       0       0
      Locals:         2       0       0       0       0       0       0       0       0
      Temps:          1       0       0       0       0       0       0       0       0
      Totals:         7       0       0       0       0       0       0       0       0
Total ram usage:        7 bytes
 Hardware stack levels used:    1
 Hardware stack levels required when called:    1
 This function calls:
		Nothing
 This function is called by:
		_vfpfcnvrt
 This function uses a non-reentrant model


 *************** function _stoa *****************
 Defined at:
		line 546 in file "C:\Program Files (x86)\Microchip\xc8\v2.05\pic\sources\c99\common\doprnt.c"
 Parameters:    Size  Location     Type
  fp              1    8[COMRAM] PTR struct _IO_FILE
		 -> vsnprintf@f(5), 
  s               1    9[COMRAM] PTR unsigned char 
		 -> ?_snprintf(2), 
 Auto vars:     Size  Location     Type
  nuls            7   11[COMRAM] unsigned char [7]
  l               2   25[COMRAM] int 
  p               2   23[COMRAM] int 
  w               2   20[COMRAM] int 
  i               2   18[COMRAM] int 
  cp              1   22[COMRAM] PTR unsigned char 
		 -> ?_snprintf(2), stoa@nuls(7), 
 Return value:  Size  Location     Type
                  2    8[COMRAM] int 
 Registers used:
		wreg, fsr1l, fsr1h, fsr2l, fsr2h, status,2, status,0, cstack
 Tracked objects:
		On entry : 
		On exit  : 
		Unchanged: 
 Data sizes:     COMRAM   BANK0   BANK1   BANK2   BANK3   BANK4   BANK5   BANK6   BANK7
      Params:         2       0       0       0       0       0       0       0       0
      Locals:        16       0       0       0       0       0       0       0       0
      Temps:          1       0       0       0       0       0       0       0       0
      Totals:        19       0       0       0       0       0       0       0       0
Total ram usage:       19 bytes
 Hardware stack levels used:    1
 Hardware stack levels required when called:    3
 This function calls:
		_fputc
		_strlen
 This function is called by:
		_vfpfcnvrt
 This function uses a non-reentrant model


 *************** function _otoa *****************
 Defined at:
		line 507 in file "C:\Program Files (x86)\Microchip\xc8\v2.05\pic\sources\c99\common\doprnt.c"
 Parameters:    Size  Location     Type
  fp              1   22[COMRAM] PTR struct _IO_FILE
		 -> vsnprintf@f(5), 
  d               8   23[COMRAM] unsigned long long 
 Auto vars:     Size  Location     Type
  n               8   45[COMRAM] unsigned long long 
  i               2   53[COMRAM] int 
  w               2   43[COMRAM] int 
  t               2   41[COMRAM] int 
  p               2   39[COMRAM] int 
 Return value:  Size  Location     Type
                  2   22[COMRAM] int 
 Registers used:
		wreg, fsr1l, fsr1h, fsr2l, fsr2h, status,2, status,0, cstack
 Tracked objects:
		On entry : 
		On exit  : 
		Unchanged: 
 Data sizes:     COMRAM   BANK0   BANK1   BANK2   BANK3   BANK4   BANK5   BANK6   BANK7
      Params:         9       0       0       0       0       0       0       0       0
      Locals:        16       0       0       0       0       0       0       0       0
      Temps:          8       0       0       0       0       0       0       0       0
      Totals:        33       0       0       0       0       0       0       0       0
Total ram usage:       33 bytes
 Hardware stack levels used:    1
 Hardware stack levels required when called:    5
 This function calls:
		_pad
 This function is called by:
		_vfpfcnvrt
 This function uses a non-reentrant model


 *************** function _dtoa *****************
 Defined at:
		line 274 in file "C:\Program Files (x86)\Microchip\xc8\v2.05\pic\sources\c99\common\doprnt.c"
 Parameters:    Size  Location     Type
  fp              1   26[COMRAM] PTR struct _IO_FILE
		 -> vsnprintf@f(5), 
  d               8   27[COMRAM] long long 
 Auto vars:     Size  Location     Type
  n               8   51[COMRAM] long long 
  i               2   59[COMRAM] int 
  s               2   49[COMRAM] int 
  w               2   47[COMRAM] int 
  p               2   45[COMRAM] int 
 Return value:  Size  Location     Type
                  2   26[COMRAM] int 
 Registers used:
		wreg, fsr1l, fsr1h, fsr2l, fsr2h, status,2, status,0, cstack
 Tracked objects:
		On entry : 
		On exit  : 
		Unchanged: 
 Data sizes:     COMRAM   BANK0   BANK1   BANK2   BANK3   BANK4   BANK5   BANK6   BANK7
      Params:         9       0       0       0       0       0       0       0       0
      Locals:        18       0       0       0       0       0       0       0       0
      Temps:          8       0       0       0       0       0       0       0       0
      Totals:        35       0       0       0       0       0       0       0       0
Total ram usage:       35 bytes
 Hardware stack levels used:    1
 Hardware stack levels required when called:    5
 This function calls:
		___aodiv
		___aomod
		_abs
		_pad
 This function is called by:
		_vfpfcnvrt
 This function uses a non-reentrant model


 *************** function _abs *****************
 Defined at:
		line 1 in file "C:\Program Files (x86)\Microchip\xc8\v2.05\pic\sources\c99\common\abs.c"
 Parameters:    Size  Location     Type
  a               2   18[COMRAM] int 
 Auto vars:     Size  Location     Type
		None
 Return value:  Size  Location     Type
                  2   18[COMRAM] int 
 Registers used:
		wreg, status,2, status,0
 Tracked objects:
		On entry : 
		On exit  : 
		Unchanged: 
 Data sizes:     COMRAM   BANK0   BANK1   BANK2   BANK3   BANK4   BANK5   BANK6   BANK7
      Params:         2       0       0       0       0       0       0       0       0
      Locals:         0       0       0       0       0       0       0       0       0
      Temps:          2       0       0       0       0       0       0       0       0
      Totals:         4       0       0       0       0       0       0       0       0
Total ram usage:        4 bytes
 Hardware stack levels used:    1
 Hardware stack levels required when called:    1
 This function calls:
		Nothing
 This function is called by:
		_dtoa
 This function uses a non-reentrant model


 *************** function ___aomod *****************
 Defined at:
		line 9 in file "C:\Program Files (x86)\Microchip\xc8\v2.05\pic\sources\c99\common\aomod.c"
 Parameters:    Size  Location     Type
  dividend        8    0[COMRAM] long long 
  divisor         8    8[COMRAM] long long 
 Auto vars:     Size  Location     Type
  sign            1   17[COMRAM] unsigned char 
  counter         1   16[COMRAM] unsigned char 
 Return value:  Size  Location     Type
                  8    0[COMRAM] long long 
 Registers used:
		wreg, status,2, status,0
 Tracked objects:
		On entry : 
		On exit  : 
		Unchanged: 
 Data sizes:     COMRAM   BANK0   BANK1   BANK2   BANK3   BANK4   BANK5   BANK6   BANK7
      Params:        16       0       0       0       0       0       0       0       0
      Locals:         2       0       0       0       0       0       0       0       0
      Temps:          0       0       0       0       0       0       0       0       0
      Totals:        18       0       0       0       0       0       0       0       0
Total ram usage:       18 bytes
 Hardware stack levels used:    1
 Hardware stack levels required when called:    1
 This function calls:
		Nothing
 This function is called by:
		_dtoa
 This function uses a non-reentrant model


 *************** function ___aodiv *****************
 Defined at:
		line 9 in file "C:\Program Files (x86)\Microchip\xc8\v2.05\pic\sources\c99\common\aodiv.c"
 Parameters:    Size  Location     Type
  dividend        8    0[COMRAM] long long 
  divisor         8    8[COMRAM] long long 
 Auto vars:     Size  Location     Type
  quotient        8   18[COMRAM] long long 
  sign            1   17[COMRAM] unsigned char 
  counter         1   16[COMRAM] unsigned char 
 Return value:  Size  Location     Type
                  8    0[COMRAM] long long 
 Registers used:
		wreg, fsr2l, fsr2h, status,2, status,0
 Tracked objects:
		On entry : 
		On exit  : 
		Unchanged: 
 Data sizes:     COMRAM   BANK0   BANK1   BANK2   BANK3   BANK4   BANK5   BANK6   BANK7
      Params:        16       0       0       0       0       0       0       0       0
      Locals:        10       0       0       0       0       0       0       0       0
      Temps:          0       0       0       0       0       0       0       0       0
      Totals:        26       0       0       0       0       0       0       0       0
Total ram usage:       26 bytes
 Hardware stack levels used:    1
 Hardware stack levels required when called:    1
 This function calls:
		Nothing
 This function is called by:
		_dtoa
 This function uses a non-reentrant model


 *************** function _ctoa *****************
 Defined at:
		line 259 in file "C:\Program Files (x86)\Microchip\xc8\v2.05\pic\sources\c99\common\doprnt.c"
 Parameters:    Size  Location     Type
  fp              1   22[COMRAM] PTR struct _IO_FILE
		 -> vsnprintf@f(5), 
  c               1   23[COMRAM] unsigned char 
 Auto vars:     Size  Location     Type
  w               2   24[COMRAM] int 
  l               2    0        int 
 Return value:  Size  Location     Type
                  2   22[COMRAM] int 
 Registers used:
		wreg, fsr1l, fsr1h, fsr2l, fsr2h, status,2, status,0, cstack
 Tracked objects:
		On entry : 
		On exit  : 
		Unchanged: 
 Data sizes:     COMRAM   BANK0   BANK1   BANK2   BANK3   BANK4   BANK5   BANK6   BANK7
      Params:         2       0       0       0       0       0       0       0       0
      Locals:         2       0       0       0       0       0       0       0       0
      Temps:          0       0       0       0       0       0       0       0       0
      Totals:         4       0       0       0       0       0       0       0       0
Total ram usage:        4 bytes
 Hardware stack levels used:    1
 Hardware stack levels required when called:    5
 This function calls:
		_pad
 This function is called by:
		_vfpfcnvrt
 This function uses a non-reentrant model


 *************** function _pad *****************
 Defined at:
		line 72 in file "C:\Program Files (x86)\Microchip\xc8\v2.05\pic\sources\c99\common\doprnt.c"
 Parameters:    Size  Location     Type
  fp              1   13[COMRAM] PTR struct _IO_FILE
		 -> vsnprintf@f(5), 
  buf             1   14[COMRAM] PTR unsigned char 
		 -> dbuf(32), 
  p               2   15[COMRAM] int 
 Auto vars:     Size  Location     Type
  w               2   20[COMRAM] int 
  i               2   18[COMRAM] int 
 Return value:  Size  Location     Type
                  2   13[COMRAM] int 
 Registers used:
		wreg, fsr1l, fsr1h, fsr2l, fsr2h, status,2, status,0, cstack
 Tracked objects:
		On entry : 
		On exit  : 
		Unchanged: 
 Data sizes:     COMRAM   BANK0   BANK1   BANK2   BANK3   BANK4   BANK5   BANK6   BANK7
      Params:         4       0       0       0       0       0       0       0       0
      Locals:         4       0       0       0       0       0       0       0       0
      Temps:          1       0       0       0       0       0       0       0       0
      Totals:         9       0       0       0       0       0       0       0       0
Total ram usage:        9 bytes
 Hardware stack levels used:    1
 Hardware stack levels required when called:    4
 This function calls:
		_fputc
		_fputs
		_strlen
 This function is called by:
		_ctoa
		_dtoa
		_otoa
		_utoa
		_xtoa
 This function uses a non-reentrant model


 *************** function _fputs *****************
 Defined at:
		line 8 in file "C:\Program Files (x86)\Microchip\xc8\v2.05\pic\sources\c99\common\nf_fputs.c"
 Parameters:    Size  Location     Type
  s               1    8[COMRAM] PTR const unsigned char 
		 -> dbuf(32), 
  fp              1    9[COMRAM] PTR struct _IO_FILE
		 -> vsnprintf@f(5), 
[...]
      Locals:         0       0       0       0       0       0       0       0       0
      Temps:          5       0       0       0       0       0       0       0       0
      Totals:         8       0       0       0       0       0       0       0       0
Total ram usage:        8 bytes
 Hardware stack levels used:    1
 Hardware stack levels required when called:    2
 This function calls:
		_putch
 This function is called by:
		_pad
		_stoa
		_vfpfcnvrt
		_fputs
 This function uses a non-reentrant model


 *************** function _putch *****************
 Defined at:
		line 7 in file "C:\Program Files (x86)\Microchip\xc8\v2.05\pic\sources\c99\common\putch.c"
 Parameters:    Size  Location     Type
  c               1    wreg     unsigned char 
 Auto vars:     Size  Location     Type
  c               1    0[COMRAM] unsigned char 
 Return value:  Size  Location     Type
                  1    wreg      void 
 Registers used:
		wreg
 Tracked objects:
		On entry : 
		On exit  : 
		Unchanged: 
 Data sizes:     COMRAM   BANK0   BANK1   BANK2   BANK3   BANK4   BANK5   BANK6   BANK7
      Params:         0       0       0       0       0       0       0       0       0
      Locals:         0       0       0       0       0       0       0       0       0
      Temps:          0       0       0       0       0       0       0       0       0
      Totals:         0       0       0       0       0       0       0       0       0
Total ram usage:        0 bytes
 Hardware stack levels used:    1
 Hardware stack levels required when called:    1
 This function calls:
		Nothing
 This function is called by:
		_fputc
 This function uses a non-reentrant model


 *************** function _atoi *****************
 Defined at:
		line 4 in file "C:\Program Files (x86)\Microchip\xc8\v2.05\pic\sources\c99\common\atoi.c"
 Parameters:    Size  Location     Type
  s               1    7[COMRAM] PTR const unsigned char 
		 -> STR_1(3), 
 Auto vars:     Size  Location     Type
  n               2   20[COMRAM] int 
  neg             2   13[COMRAM] int 
 Return value:  Size  Location     Type
                  2    7[COMRAM] int 
 Registers used:
		wreg, status,2, status,0, tblptrl, tblptrh, tblptru, prodl, prodh, cstack
 Tracked objects:
		On entry : 
		On exit  : 
		Unchanged: 
 Data sizes:     COMRAM   BANK0   BANK1   BANK2   BANK3   BANK4   BANK5   BANK6   BANK7
      Params:         2       0       0       0       0       0       0       0       0
      Locals:         9       0       0       0       0       0       0       0       0
      Temps:          4       0       0       0       0       0       0       0       0
      Totals:        15       0       0       0       0       0       0       0       0
Total ram usage:       15 bytes
 Hardware stack levels used:    1
 Hardware stack levels required when called:    2
 This function calls:
		___wmul
		_isdigit
		_isspace
 This function is called by:
		_vfpfcnvrt
 This function uses a non-reentrant model


 *************** function _isspace *****************
 Defined at:
		line 5 in file "C:\Program Files (x86)\Microchip\xc8\v2.05\pic\sources\c99\common\isspace.c"
 Parameters:    Size  Location     Type
  c               2    0[COMRAM] int 
 Auto vars:     Size  Location     Type
		None
 Return value:  Size  Location     Type
                  2    0[COMRAM] int 
 Registers used:
		wreg, status,2, status,0
 Tracked objects:
		On entry : 
		On exit  : 
		Unchanged: 
 Data sizes:     COMRAM   BANK0   BANK1   BANK2   BANK3   BANK4   BANK5   BANK6   BANK7
      Params:         2       0       0       0       0       0       0       0       0
      Locals:         1       0       0       0       0       0       0       0       0
      Temps:          4       0       0       0       0       0       0       0       0
      Totals:         7       0       0       0       0       0       0       0       0
Total ram usage:        7 bytes
 Hardware stack levels used:    1
 Hardware stack levels required when called:    1
 This function calls:
		Nothing
 This function is called by:
		_atoi
 This function uses a non-reentrant model


 *************** function _isdigit *****************
 Defined at:
		line 5 in file "C:\Program Files (x86)\Microchip\xc8\v2.05\pic\sources\c99\common\isdigit.c"
 Parameters:    Size  Location     Type
  c               2    0[COMRAM] int 
 Auto vars:     Size  Location     Type
		None
 Return value:  Size  Location     Type
                  2    0[COMRAM] int 
 Registers used:
		wreg, status,2, status,0
 Tracked objects:
		On entry : 
		On exit  : 
		Unchanged: 
 Data sizes:     COMRAM   BANK0   BANK1   BANK2   BANK3   BANK4   BANK5   BANK6   BANK7
      Params:         2       0       0       0       0       0       0       0       0
      Locals:         0       0       0       0       0       0       0       0       0
      Temps:          4       0       0       0       0       0       0       0       0
      Totals:         6       0       0       0       0       0       0       0       0
Total ram usage:        6 bytes
 Hardware stack levels used:    1
 Hardware stack levels required when called:    1
 This function calls:
		Nothing
 This function is called by:
		_vfpfcnvrt
		_atoi
 This function uses a non-reentrant model


 *************** function ___wmul *****************
 Defined at:
		line 15 in file "C:\Program Files (x86)\Microchip\xc8\v2.05\pic\sources\c99\common\Umul16.c"
 Parameters:    Size  Location     Type
  multiplier      2    0[COMRAM] unsigned int 
  multiplicand    2    2[COMRAM] unsigned int 
 Auto vars:     Size  Location     Type
  product         2    4[COMRAM] unsigned int 
 Return value:  Size  Location     Type
                  2    0[COMRAM] unsigned int 
 Registers used:
		wreg, status,2, status,0, prodl, prodh
 Tracked objects:
		On entry : 
		On exit  : 
		Unchanged: 
 Data sizes:     COMRAM   BANK0   BANK1   BANK2   BANK3   BANK4   BANK5   BANK6   BANK7
      Params:         4       0       0       0       0       0       0       0       0
      Locals:         2       0       0       0       0       0       0       0       0
      Temps:          0       0       0       0       0       0       0       0       0
      Totals:         6       0       0       0       0       0       0       0       0
Total ram usage:        6 bytes
 Hardware stack levels used:    1
 Hardware stack levels required when called:    1
 This function calls:
		Nothing
 This function is called by:
		_atoi
 This function uses a non-reentrant model


 *************** function _display3 *****************
 Defined at:
		line 179 in file "main.c"
 Parameters:    Size  Location     Type
  data3           1    4[COMRAM] PTR const unsigned char 
		 -> buffer(4), 
 Auto vars:     Size  Location     Type
  bit             1   10[COMRAM] volatile unsigned char 
  csize           1    9[COMRAM] unsigned char 
 Return value:  Size  Location     Type
                  1    wreg      void 
 Registers used:
		wreg, fsr2l, fsr2h, status,2, status,0, tblptrl, tblptrh, tblptru, cstack
 Tracked objects:
		On entry : 
		On exit  : 
		Unchanged: 
 Data sizes:     COMRAM   BANK0   BANK1   BANK2   BANK3   BANK4   BANK5   BANK6   BANK7
      Params:         1       0       0       0       0       0       0       0       0
      Locals:         2       0       0       0       0       0       0       0       0
      Temps:          4       0       0       0       0       0       0       0       0
      Totals:         7       0       0       0       0       0       0       0       0
Total ram usage:        7 bytes
 Hardware stack levels used:    1
 Hardware stack levels required when called:    2
 This function calls:
		_character_table
		_send_digit
		_strlen
 This function is called by:
		_numarator
 This function uses a non-reentrant model


 *************** function _strlen *****************
 Defined at:
		line 12 in file "C:\Program Files (x86)\Microchip\xc8\v2.05\pic\sources\c99\common\strlen.c"
 Parameters:    Size  Location     Type
  s               1    0[COMRAM] PTR const unsigned char 
		 -> ?_snprintf(2), stoa@nuls(7), dbuf(32), buffer(4), 
 Auto vars:     Size  Location     Type
  a               1    2[COMRAM] PTR const unsigned char 
		 -> ?_snprintf(2), stoa@nuls(7), dbuf(32), buffer(4), 
 Return value:  Size  Location     Type
                  2    0[COMRAM] unsigned int 
 Registers used:
		wreg, fsr2l, fsr2h, status,2, status,0
 Tracked objects:
		On entry : 
		On exit  : 
		Unchanged: 
 Data sizes:     COMRAM   BANK0   BANK1   BANK2   BANK3   BANK4   BANK5   BANK6   BANK7
      Params:         2       0       0       0       0       0       0       0       0
      Locals:         1       0       0       0       0       0       0       0       0
      Temps:          0       0       0       0       0       0       0       0       0
      Totals:         3       0       0       0       0       0       0       0       0
Total ram usage:        3 bytes
 Hardware stack levels used:    1
 Hardware stack levels required when called:    1
 This function calls:
		Nothing
 This function is called by:
		_display3
		_pad
		_stoa
 This function uses a non-reentrant model


 *************** function _send_digit *****************
 Defined at:
		line 158 in file "main.c"
 Parameters:    Size  Location     Type
  data            1    wreg     unsigned char 
 Auto vars:     Size  Location     Type
  data            1    0[COMRAM] unsigned char 
  i               2    1[COMRAM] int 
  a               1    3[COMRAM] unsigned char 
 Return value:  Size  Location     Type
                  1    wreg      void 
 Registers used:
		wreg, status,2, status,0
 Tracked objects:
		On entry : 
		On exit  : 
		Unchanged: 
 Data sizes:     COMRAM   BANK0   BANK1   BANK2   BANK3   BANK4   BANK5   BANK6   BANK7
      Params:         0       0       0       0       0       0       0       0       0
      Locals:         4       0       0       0       0       0       0       0       0
      Temps:          0       0       0       0       0       0       0       0       0
      Totals:         4       0       0       0       0       0       0       0       0
Total ram usage:        4 bytes
 Hardware stack levels used:    1
 Hardware stack levels required when called:    1
 This function calls:
		Nothing
 This function is called by:
		_display3
 This function uses a non-reentrant model


 *************** function _character_table *****************
 Defined at:
		line 119 in file "main.c"
 Parameters:    Size  Location     Type
  symbol          1    wreg     unsigned char 
 Auto vars:     Size  Location     Type
  symbol          1    2[COMRAM] unsigned char 
 Return value:  Size  Location     Type
                  1    wreg      unsigned char 
 Registers used:
		wreg, status,2, status,0, tblptrl, tblptrh, tblptru
 Tracked objects:
		On entry : 
		On exit  : 
		Unchanged: 
 Data sizes:     COMRAM   BANK0   BANK1   BANK2   BANK3   BANK4   BANK5   BANK6   BANK7
      Params:         0       0       0       0       0       0       0       0       0
      Locals:         1       0       0       0       0       0       0       0       0
      Temps:          2       0       0       0       0       0       0       0       0
      Totals:         3       0       0       0       0       0       0       0       0
Total ram usage:        3 bytes
 Hardware stack levels used:    1
 Hardware stack levels required when called:    1
 This function calls:
		Nothing
 This function is called by:
		_display3
 This function uses a non-reentrant model


 *************** function _my_ISR *****************
 Defined at:
		line 212 in file "main.c"
 Parameters:    Size  Location     Type
		None
 Auto vars:     Size  Location     Type
		None
 Return value:  Size  Location     Type
                  1    wreg      void 
 Registers used:
		wreg, status,2, status,0
 Tracked objects:
		On entry : 
		On exit  : 
		Unchanged: 
 Data sizes:     COMRAM   BANK0   BANK1   BANK2   BANK3   BANK4   BANK5   BANK6   BANK7
      Params:         0       0       0       0       0       0       0       0       0
      Locals:         0       0       0       0       0       0       0       0       0
      Temps:          0       0       0       0       0       0       0       0       0
      Totals:         0       0       0       0       0       0       0       0       0
Total ram usage:        0 bytes
 Hardware stack levels used:    1
 This function calls:
		Nothing
 This function is called by:
		Interrupt level 2
 This function uses a non-reentrant model



MODULE INFORMATION

Module		Function		Class		Link	Load	Size
C:\Program Files (x86)\Microchip\xc8\v2.05\pic\sources\c99\common\putch.c
		_putch         		CODE           	2804	0000	3

C:\Program Files (x86)\Microchip\xc8\v2.05\pic\sources\c99\common\putch.c estimated size: 3

C:\Program Files (x86)\Microchip\xc8\v2.05\pic\sources\c99\common\snprintf.c
		_snprintf      		CODE           	2798	0000	31

C:\Program Files (x86)\Microchip\xc8\v2.05\pic\sources\c99\common\snprintf.c estimated size: 31

C:\Program Files (x86)\Microchip\xc8\v2.05\pic\sources\c99\common\nf_fputc.c
		_fputc         		CODE           	23A2	0000	129

C:\Program Files (x86)\Microchip\xc8\v2.05\pic\sources\c99\common\nf_fputc.c estimated size: 129

C:\Program Files (x86)\Microchip\xc8\v2.05\pic\sources\c99\common\islower.c
		_islower       		CODE           	2690	0000	49

C:\Program Files (x86)\Microchip\xc8\v2.05\pic\sources\c99\common\islower.c estimated size: 49

C:\Program Files (x86)\Microchip\xc8\v2.05\pic\sources\c99\common\lodiv.c
		___lodiv       		CODE           	1FAE	0000	207

C:\Program Files (x86)\Microchip\xc8\v2.05\pic\sources\c99\common\lodiv.c estimated size: 207

C:\Program Files (x86)\Microchip\xc8\v2.05\pic\sources\c99\common\aodiv.c
		___aodiv       		CODE           	1A10	0000	329

C:\Program Files (x86)\Microchip\xc8\v2.05\pic\sources\c99\common\aodiv.c estimated size: 329

C:\Program Files (x86)\Microchip\xc8\v2.05\pic\sources\c99\common\isupper.c
		_isupper       		CODE           	26C0	0000	49

C:\Program Files (x86)\Microchip\xc8\v2.05\pic\sources\c99\common\isupper.c estimated size: 49

C:\Program Files (x86)\Microchip\xc8\v2.05\pic\sources\c99\common\toupper.c
		_toupper       		CODE           	2422	0000	75

C:\Program Files (x86)\Microchip\xc8\v2.05\pic\sources\c99\common\toupper.c estimated size: 75

C:\Program Files (x86)\Microchip\xc8\v2.05\pic\sources\c99\common\strlen.c
		_strlen        		CODE           	2776	0000	35

C:\Program Files (x86)\Microchip\xc8\v2.05\pic\sources\c99\common\strlen.c estimated size: 35

C:\Program Files (x86)\Microchip\xc8\v2.05\pic\sources\c99\common\isspace.c
		_isspace       		CODE           	257C	0000	63

C:\Program Files (x86)\Microchip\xc8\v2.05\pic\sources\c99\common\isspace.c estimated size: 63

C:\Program Files (x86)\Microchip\xc8\v2.05\pic\sources\c99\common\strncmp.c
		_strncmp       		CODE           	21E6	0000	159

C:\Program Files (x86)\Microchip\xc8\v2.05\pic\sources\c99\common\strncmp.c estimated size: 159

C:\Program Files (x86)\Microchip\xc8\v2.05\pic\sources\c99\common\doprnt.c
		_vfpfcnvrt     		CODE           	0852	0000	2655
		_pad           		CODE           	2320	0000	131
		_ctoa          		CODE           	24B2	0000	71
		_dtoa          		CODE           	12B0	0000	565
		_vfprintf      		CODE           	24F8	0000	69
		_otoa          		CODE           	18A0	0000	369
		_stoa          		CODE           	1DB8	0000	271
		_utoa          		CODE           	16FE	0000	419
		_xtoa          		CODE           	14E4	0000	539

C:\Program Files (x86)\Microchip\xc8\v2.05\pic\sources\c99\common\doprnt.c estimated size: 5089

shared
		_SRCLK         		SMALLCONST     	0000	0000	0
		_BIT_4         		SMALLCONST     	080F	0000	2
		_RCLK          		SMALLCONST     	0000	0000	0
		_SRCLR         		SMALLCONST     	0000	0000	0
		_BIT_5         		SMALLCONST     	0000	0000	0
		display3@dig_mask		SMALLCONST     	0000	0000	0
		_BIT_0         		SMALLCONST     	0813	0000	2
		_OE            		SMALLCONST     	0000	0000	0
		_BIT_6         		SMALLCONST     	080D	0000	2
		__initialization		CODE           	25BA	0000	45
		_BIT_1         		SMALLCONST     	0812	0000	2
		_BIT_7         		SMALLCONST     	080C	0000	2
		_DIG1          		SMALLCONST     	0000	0000	0
		_DIG2          		SMALLCONST     	0000	0000	0
		_BIT_2         		SMALLCONST     	0000	0000	0
		_DIG3          		SMALLCONST     	0000	0000	0
		send_digit@com_mask		SMALLCONST     	0000	0000	0
		_BIT_3         		SMALLCONST     	0810	0000	2
		character_table@a		SMALLCONST     	0000	0000	0
		character_table@b		SMALLCONST     	0000	0000	0
		character_table@c		SMALLCONST     	0000	0000	0
		character_table@d		SMALLCONST     	0000	0000	0
		character_table@e		SMALLCONST     	0000	0000	0
		character_table@f		SMALLCONST     	0000	0000	0
		character_table@g		SMALLCONST     	0000	0000	0
		character_table@h		SMALLCONST     	0803	0000	2
		_SER           		SMALLCONST     	0000	0000	0
		character_table@o		SMALLCONST     	080B	0000	2

shared estimated size: 61

C:\Program Files (x86)\Microchip\xc8\v2.05\pic\sources\c99\common\isalpha.c
		_isalpha       		CODE           	262A	0000	53

C:\Program Files (x86)\Microchip\xc8\v2.05\pic\sources\c99\common\isalpha.c estimated size: 53

C:\Program Files (x86)\Microchip\xc8\v2.05\pic\sources\c99\common\Umul16.c
		___wmul        		CODE           	2750	0000	39

C:\Program Files (x86)\Microchip\xc8\v2.05\pic\sources\c99\common\Umul16.c estimated size: 39

C:\Program Files (x86)\Microchip\xc8\v2.05\pic\sources\c99\common\atoi.c
		_atoi          		CODE           	1B58	0000	317

C:\Program Files (x86)\Microchip\xc8\v2.05\pic\sources\c99\common\atoi.c estimated size: 317

C:\Program Files (x86)\Microchip\xc8\v2.05\pic\sources\c99\common\abs.c
		_abs           		CODE           	265E	0000	51

C:\Program Files (x86)\Microchip\xc8\v2.05\pic\sources\c99\common\abs.c estimated size: 51

C:\Program Files (x86)\Microchip\xc8\v2.05\pic\sources\c99\common\nf_fputs.c
		_fputs         		CODE           	26F0	0000	49

C:\Program Files (x86)\Microchip\xc8\v2.05\pic\sources\c99\common\nf_fputs.c estimated size: 49

main.c
		_display3      		CODE           	2284	0000	157
		_setup_TMR0    		CODE           	27E6	0000	21
		_main          		CODE           	27B6	0000	27
		_character_table		CODE           	1EC6	0000	233
		_numarator     		CODE           	246C	0000	71
		_my_ISR        		CODE           	0008	0000	61
		_send_digit    		CODE           	253C	0000	65
		_setupPortDisplay		CODE           	27D0	0000	23

main.c estimated size: 658

C:\Program Files (x86)\Microchip\xc8\v2.05\pic\sources\c99\common\isdigit.c
		_isdigit       		CODE           	2720	0000	49

C:\Program Files (x86)\Microchip\xc8\v2.05\pic\sources\c99\common\isdigit.c estimated size: 49

C:\Program Files (x86)\Microchip\xc8\v2.05\pic\sources\c99\common\lomod.c
		___lomod       		CODE           	2138	0000	175

C:\Program Files (x86)\Microchip\xc8\v2.05\pic\sources\c99\common\lomod.c estimated size: 175

C:\Program Files (x86)\Microchip\xc8\v2.05\pic\sources\c99\common\aomod.c
		___aomod       		CODE           	1C94	0000	293

C:\Program Files (x86)\Microchip\xc8\v2.05\pic\sources\c99\common\aomod.c estimated size: 293

C:\Program Files (x86)\Microchip\xc8\v2.05\pic\sources\c99\common\nf_vsnprintf.c
		_vsnprintf     		CODE           	207C	0000	189

C:\Program Files (x86)\Microchip\xc8\v2.05\pic\sources\c99\common\nf_vsnprintf.c estimated size: 189

